| seldon-example-1.js:7:17:7:34 | require('express') | seldon-example-1.js:14:9:14:15 | express |
| seldon-example-1.js:8:12:8:24 | require('fs') | seldon-example-1.js:25:5:25:6 | fs |
| seldon-example-1.js:8:12:8:24 | require('fs') | seldon-example-1.js:43:9:43:10 | fs |
| seldon-example-1.js:9:14:9:28 | require('path') | seldon-example-1.js:23:24:23:27 | path |
| seldon-example-1.js:9:14:9:28 | require('path') | seldon-example-1.js:23:24:23:55 | path.jo ... y.path) |
| seldon-example-1.js:9:14:9:28 | require('path') | seldon-example-1.js:25:18:25:29 | resolvedPath |
| seldon-example-1.js:9:14:9:28 | require('path') | seldon-example-1.js:38:24:38:27 | path |
| seldon-example-1.js:9:14:9:28 | require('path') | seldon-example-1.js:38:24:38:55 | path.jo ... y.path) |
| seldon-example-1.js:11:13:11:21 | express() | seldon-example-1.js:14:1:14:3 | app |
| seldon-example-1.js:11:13:11:21 | express() | seldon-example-1.js:20:1:20:3 | app |
| seldon-example-1.js:11:13:11:21 | express() | seldon-example-1.js:35:1:35:3 | app |
| seldon-example-1.js:11:13:11:21 | express() | seldon-example-1.js:56:1:56:3 | app |
| seldon-example-1.js:14:1:14:3 | app | seldon-example-1.js:11:13:11:21 | express() |
| seldon-example-1.js:14:1:14:3 | app | seldon-example-1.js:20:1:20:3 | app |
| seldon-example-1.js:14:1:14:3 | app | seldon-example-1.js:35:1:35:3 | app |
| seldon-example-1.js:14:1:14:3 | app | seldon-example-1.js:56:1:56:3 | app |
| seldon-example-1.js:14:9:14:15 | express | seldon-example-1.js:7:17:7:34 | require('express') |
| seldon-example-1.js:16:16:16:26 | process.env | seldon-example-1.js:16:16:16:35 | process.env.APP_PATH |
| seldon-example-1.js:16:16:16:26 | process.env | seldon-example-1.js:17:13:17:38 | `Using  ... pDir}]` |
| seldon-example-1.js:16:16:16:26 | process.env | seldon-example-1.js:23:24:23:55 | path.jo ... y.path) |
| seldon-example-1.js:16:16:16:26 | process.env | seldon-example-1.js:23:34:23:39 | appDir |
| seldon-example-1.js:16:16:16:26 | process.env | seldon-example-1.js:25:18:25:29 | resolvedPath |
| seldon-example-1.js:16:16:16:26 | process.env | seldon-example-1.js:38:24:38:55 | path.jo ... y.path) |
| seldon-example-1.js:16:16:16:26 | process.env | seldon-example-1.js:38:34:38:39 | appDir |
| seldon-example-1.js:16:16:16:35 | process.env.APP_PATH | seldon-example-1.js:17:13:17:38 | `Using  ... pDir}]` |
| seldon-example-1.js:16:16:16:35 | process.env.APP_PATH | seldon-example-1.js:23:24:23:55 | path.jo ... y.path) |
| seldon-example-1.js:16:16:16:35 | process.env.APP_PATH | seldon-example-1.js:23:34:23:39 | appDir |
| seldon-example-1.js:16:16:16:35 | process.env.APP_PATH | seldon-example-1.js:25:18:25:29 | resolvedPath |
| seldon-example-1.js:16:16:16:35 | process.env.APP_PATH | seldon-example-1.js:38:24:38:55 | path.jo ... y.path) |
| seldon-example-1.js:16:16:16:35 | process.env.APP_PATH | seldon-example-1.js:38:34:38:39 | appDir |
| seldon-example-1.js:20:1:20:3 | app | seldon-example-1.js:11:13:11:21 | express() |
| seldon-example-1.js:20:1:20:3 | app | seldon-example-1.js:14:1:14:3 | app |
| seldon-example-1.js:20:1:20:3 | app | seldon-example-1.js:35:1:35:3 | app |
| seldon-example-1.js:20:1:20:3 | app | seldon-example-1.js:56:1:56:3 | app |
| seldon-example-1.js:20:27:20:29 | req | seldon-example-1.js:21:17:21:24 | req.body |
| seldon-example-1.js:20:27:20:29 | req | seldon-example-1.js:23:24:23:55 | path.jo ... y.path) |
| seldon-example-1.js:20:27:20:29 | req | seldon-example-1.js:23:42:23:49 | req.body |
| seldon-example-1.js:20:27:20:29 | req | seldon-example-1.js:23:42:23:54 | req.body.path |
| seldon-example-1.js:20:27:20:29 | req | seldon-example-1.js:25:18:25:29 | resolvedPath |
| seldon-example-1.js:20:27:20:29 | req | seldon-example-1.js:25:32:25:39 | req.body |
| seldon-example-1.js:20:27:20:29 | req | seldon-example-1.js:25:32:25:48 | req.body.contents |
| seldon-example-1.js:20:32:20:34 | res | seldon-example-1.js:27:13:27:15 | res |
| seldon-example-1.js:20:32:20:34 | res | seldon-example-1.js:29:13:29:15 | res |
| seldon-example-1.js:23:24:23:27 | path | seldon-example-1.js:9:14:9:28 | require('path') |
| seldon-example-1.js:23:24:23:27 | path | seldon-example-1.js:23:24:23:55 | path.jo ... y.path) |
| seldon-example-1.js:23:24:23:27 | path | seldon-example-1.js:38:24:38:27 | path |
| seldon-example-1.js:23:24:23:55 | path.jo ... y.path) | seldon-example-1.js:25:18:25:29 | resolvedPath |
| seldon-example-1.js:23:34:23:39 | appDir | seldon-example-1.js:23:24:23:55 | path.jo ... y.path) |
| seldon-example-1.js:23:42:23:49 | req.body | seldon-example-1.js:23:24:23:55 | path.jo ... y.path) |
| seldon-example-1.js:23:42:23:49 | req.body | seldon-example-1.js:23:42:23:54 | req.body.path |
| seldon-example-1.js:23:42:23:49 | req.body | seldon-example-1.js:25:18:25:29 | resolvedPath |
| seldon-example-1.js:23:42:23:54 | req.body.path | seldon-example-1.js:23:24:23:55 | path.jo ... y.path) |
| seldon-example-1.js:23:42:23:54 | req.body.path | seldon-example-1.js:25:18:25:29 | resolvedPath |
| seldon-example-1.js:25:5:25:6 | fs | seldon-example-1.js:8:12:8:24 | require('fs') |
| seldon-example-1.js:25:5:25:6 | fs | seldon-example-1.js:43:9:43:10 | fs |
| seldon-example-1.js:25:18:25:29 | resolvedPath | seldon-example-1.js:23:24:23:55 | path.jo ... y.path) |
| seldon-example-1.js:25:32:25:39 | req.body | seldon-example-1.js:25:32:25:48 | req.body.contents |
| seldon-example-1.js:35:1:35:3 | app | seldon-example-1.js:11:13:11:21 | express() |
| seldon-example-1.js:35:1:35:3 | app | seldon-example-1.js:14:1:14:3 | app |
| seldon-example-1.js:35:1:35:3 | app | seldon-example-1.js:20:1:20:3 | app |
| seldon-example-1.js:35:1:35:3 | app | seldon-example-1.js:56:1:56:3 | app |
| seldon-example-1.js:35:25:35:27 | req | seldon-example-1.js:36:17:36:24 | req.body |
| seldon-example-1.js:35:25:35:27 | req | seldon-example-1.js:38:24:38:55 | path.jo ... y.path) |
| seldon-example-1.js:35:25:35:27 | req | seldon-example-1.js:38:42:38:49 | req.body |
| seldon-example-1.js:35:25:35:27 | req | seldon-example-1.js:38:42:38:54 | req.body.path |
| seldon-example-1.js:35:25:35:27 | req | seldon-example-1.js:43:36:43:43 | req.body |
| seldon-example-1.js:35:25:35:27 | req | seldon-example-1.js:43:36:43:52 | req.body.contents |
| seldon-example-1.js:35:30:35:32 | res | seldon-example-1.js:45:17:45:19 | res |
| seldon-example-1.js:35:30:35:32 | res | seldon-example-1.js:47:17:47:19 | res |
| seldon-example-1.js:38:24:38:27 | path | seldon-example-1.js:9:14:9:28 | require('path') |
| seldon-example-1.js:38:24:38:27 | path | seldon-example-1.js:23:24:23:27 | path |
| seldon-example-1.js:38:24:38:27 | path | seldon-example-1.js:38:24:38:55 | path.jo ... y.path) |
| seldon-example-1.js:38:24:38:55 | path.jo ... y.path) | seldon-example-1.js:40:20:40:45 | sanitiz ... edPath) |
| seldon-example-1.js:38:24:38:55 | path.jo ... y.path) | seldon-example-1.js:43:22:43:33 | resolvedPath |
| seldon-example-1.js:38:24:38:55 | path.jo ... y.path) | seldon-example-1.js:52:23:52:26 | path |
| seldon-example-1.js:38:34:38:39 | appDir | seldon-example-1.js:38:24:38:55 | path.jo ... y.path) |
| seldon-example-1.js:38:42:38:49 | req.body | seldon-example-1.js:38:24:38:55 | path.jo ... y.path) |
| seldon-example-1.js:38:42:38:49 | req.body | seldon-example-1.js:38:42:38:54 | req.body.path |
| seldon-example-1.js:38:42:38:54 | req.body.path | seldon-example-1.js:38:24:38:55 | path.jo ... y.path) |
| seldon-example-1.js:40:20:40:45 | sanitiz ... edPath) | seldon-example-1.js:38:24:38:55 | path.jo ... y.path) |
| seldon-example-1.js:40:20:40:45 | sanitiz ... edPath) | seldon-example-1.js:43:22:43:33 | resolvedPath |
| seldon-example-1.js:40:20:40:45 | sanitiz ... edPath) | seldon-example-1.js:52:23:52:26 | path |
| seldon-example-1.js:43:9:43:10 | fs | seldon-example-1.js:8:12:8:24 | require('fs') |
| seldon-example-1.js:43:9:43:10 | fs | seldon-example-1.js:25:5:25:6 | fs |
| seldon-example-1.js:43:22:43:33 | resolvedPath | seldon-example-1.js:38:24:38:55 | path.jo ... y.path) |
| seldon-example-1.js:43:22:43:33 | resolvedPath | seldon-example-1.js:40:20:40:45 | sanitiz ... edPath) |
| seldon-example-1.js:43:22:43:33 | resolvedPath | seldon-example-1.js:52:23:52:26 | path |
| seldon-example-1.js:43:36:43:43 | req.body | seldon-example-1.js:43:36:43:52 | req.body.contents |
| seldon-example-1.js:52:23:52:26 | path | seldon-example-1.js:38:24:38:55 | path.jo ... y.path) |
| seldon-example-1.js:52:23:52:26 | path | seldon-example-1.js:40:20:40:45 | sanitiz ... edPath) |
| seldon-example-1.js:52:23:52:26 | path | seldon-example-1.js:43:22:43:33 | resolvedPath |
| seldon-example-1.js:56:1:56:3 | app | seldon-example-1.js:11:13:11:21 | express() |
| seldon-example-1.js:56:1:56:3 | app | seldon-example-1.js:14:1:14:3 | app |
| seldon-example-1.js:56:1:56:3 | app | seldon-example-1.js:20:1:20:3 | app |
| seldon-example-1.js:56:1:56:3 | app | seldon-example-1.js:35:1:35:3 | app |
| seldon-example-2.js:7:17:7:34 | require('express') | seldon-example-2.js:14:9:14:15 | express |
| seldon-example-2.js:8:12:8:24 | require('fs') | seldon-example-2.js:25:5:25:6 | fs |
| seldon-example-2.js:8:12:8:24 | require('fs') | seldon-example-2.js:43:9:43:10 | fs |
| seldon-example-2.js:9:14:9:28 | require('path') | seldon-example-2.js:23:24:23:27 | path |
| seldon-example-2.js:9:14:9:28 | require('path') | seldon-example-2.js:23:24:23:55 | path.jo ... y.path) |
| seldon-example-2.js:9:14:9:28 | require('path') | seldon-example-2.js:25:18:25:29 | resolvedPath |
| seldon-example-2.js:9:14:9:28 | require('path') | seldon-example-2.js:38:24:38:27 | path |
| seldon-example-2.js:9:14:9:28 | require('path') | seldon-example-2.js:38:24:38:55 | path.jo ... y.path) |
| seldon-example-2.js:9:14:9:28 | require('path') | seldon-example-2.js:40:20:40:57 | require ... edPath) |
| seldon-example-2.js:9:14:9:28 | require('path') | seldon-example-2.js:40:45:40:56 | resolvedPath |
| seldon-example-2.js:11:13:11:21 | express() | seldon-example-2.js:14:1:14:3 | app |
| seldon-example-2.js:11:13:11:21 | express() | seldon-example-2.js:20:1:20:3 | app |
| seldon-example-2.js:11:13:11:21 | express() | seldon-example-2.js:35:1:35:3 | app |
| seldon-example-2.js:11:13:11:21 | express() | seldon-example-2.js:52:1:52:3 | app |
| seldon-example-2.js:14:1:14:3 | app | seldon-example-2.js:11:13:11:21 | express() |
| seldon-example-2.js:14:1:14:3 | app | seldon-example-2.js:20:1:20:3 | app |
| seldon-example-2.js:14:1:14:3 | app | seldon-example-2.js:35:1:35:3 | app |
| seldon-example-2.js:14:1:14:3 | app | seldon-example-2.js:52:1:52:3 | app |
| seldon-example-2.js:14:9:14:15 | express | seldon-example-2.js:7:17:7:34 | require('express') |
| seldon-example-2.js:16:16:16:26 | process.env | seldon-example-2.js:16:16:16:35 | process.env.APP_PATH |
| seldon-example-2.js:16:16:16:26 | process.env | seldon-example-2.js:17:13:17:38 | `Using  ... pDir}]` |
| seldon-example-2.js:16:16:16:26 | process.env | seldon-example-2.js:23:24:23:55 | path.jo ... y.path) |
| seldon-example-2.js:16:16:16:26 | process.env | seldon-example-2.js:23:34:23:39 | appDir |
| seldon-example-2.js:16:16:16:26 | process.env | seldon-example-2.js:25:18:25:29 | resolvedPath |
| seldon-example-2.js:16:16:16:26 | process.env | seldon-example-2.js:38:24:38:55 | path.jo ... y.path) |
| seldon-example-2.js:16:16:16:26 | process.env | seldon-example-2.js:38:34:38:39 | appDir |
| seldon-example-2.js:16:16:16:26 | process.env | seldon-example-2.js:40:20:40:57 | require ... edPath) |
| seldon-example-2.js:16:16:16:26 | process.env | seldon-example-2.js:40:45:40:56 | resolvedPath |
| seldon-example-2.js:16:16:16:35 | process.env.APP_PATH | seldon-example-2.js:17:13:17:38 | `Using  ... pDir}]` |
| seldon-example-2.js:16:16:16:35 | process.env.APP_PATH | seldon-example-2.js:23:24:23:55 | path.jo ... y.path) |
| seldon-example-2.js:16:16:16:35 | process.env.APP_PATH | seldon-example-2.js:23:34:23:39 | appDir |
| seldon-example-2.js:16:16:16:35 | process.env.APP_PATH | seldon-example-2.js:25:18:25:29 | resolvedPath |
| seldon-example-2.js:16:16:16:35 | process.env.APP_PATH | seldon-example-2.js:38:24:38:55 | path.jo ... y.path) |
| seldon-example-2.js:16:16:16:35 | process.env.APP_PATH | seldon-example-2.js:38:34:38:39 | appDir |
| seldon-example-2.js:16:16:16:35 | process.env.APP_PATH | seldon-example-2.js:40:20:40:57 | require ... edPath) |
| seldon-example-2.js:16:16:16:35 | process.env.APP_PATH | seldon-example-2.js:40:45:40:56 | resolvedPath |
| seldon-example-2.js:20:1:20:3 | app | seldon-example-2.js:11:13:11:21 | express() |
| seldon-example-2.js:20:1:20:3 | app | seldon-example-2.js:14:1:14:3 | app |
| seldon-example-2.js:20:1:20:3 | app | seldon-example-2.js:35:1:35:3 | app |
| seldon-example-2.js:20:1:20:3 | app | seldon-example-2.js:52:1:52:3 | app |
| seldon-example-2.js:20:27:20:29 | req | seldon-example-2.js:21:17:21:24 | req.body |
| seldon-example-2.js:20:27:20:29 | req | seldon-example-2.js:23:24:23:55 | path.jo ... y.path) |
| seldon-example-2.js:20:27:20:29 | req | seldon-example-2.js:23:42:23:49 | req.body |
| seldon-example-2.js:20:27:20:29 | req | seldon-example-2.js:23:42:23:54 | req.body.path |
| seldon-example-2.js:20:27:20:29 | req | seldon-example-2.js:25:18:25:29 | resolvedPath |
| seldon-example-2.js:20:27:20:29 | req | seldon-example-2.js:25:32:25:39 | req.body |
| seldon-example-2.js:20:27:20:29 | req | seldon-example-2.js:25:32:25:48 | req.body.contents |
| seldon-example-2.js:20:32:20:34 | res | seldon-example-2.js:27:13:27:15 | res |
| seldon-example-2.js:20:32:20:34 | res | seldon-example-2.js:29:13:29:15 | res |
| seldon-example-2.js:23:24:23:27 | path | seldon-example-2.js:9:14:9:28 | require('path') |
| seldon-example-2.js:23:24:23:27 | path | seldon-example-2.js:23:24:23:55 | path.jo ... y.path) |
| seldon-example-2.js:23:24:23:27 | path | seldon-example-2.js:38:24:38:27 | path |
| seldon-example-2.js:23:24:23:55 | path.jo ... y.path) | seldon-example-2.js:25:18:25:29 | resolvedPath |
| seldon-example-2.js:23:34:23:39 | appDir | seldon-example-2.js:23:24:23:55 | path.jo ... y.path) |
| seldon-example-2.js:23:42:23:49 | req.body | seldon-example-2.js:23:24:23:55 | path.jo ... y.path) |
| seldon-example-2.js:23:42:23:49 | req.body | seldon-example-2.js:23:42:23:54 | req.body.path |
| seldon-example-2.js:23:42:23:49 | req.body | seldon-example-2.js:25:18:25:29 | resolvedPath |
| seldon-example-2.js:23:42:23:54 | req.body.path | seldon-example-2.js:23:24:23:55 | path.jo ... y.path) |
| seldon-example-2.js:23:42:23:54 | req.body.path | seldon-example-2.js:25:18:25:29 | resolvedPath |
| seldon-example-2.js:25:5:25:6 | fs | seldon-example-2.js:8:12:8:24 | require('fs') |
| seldon-example-2.js:25:5:25:6 | fs | seldon-example-2.js:43:9:43:10 | fs |
| seldon-example-2.js:25:18:25:29 | resolvedPath | seldon-example-2.js:23:24:23:55 | path.jo ... y.path) |
| seldon-example-2.js:25:32:25:39 | req.body | seldon-example-2.js:25:32:25:48 | req.body.contents |
| seldon-example-2.js:35:1:35:3 | app | seldon-example-2.js:11:13:11:21 | express() |
| seldon-example-2.js:35:1:35:3 | app | seldon-example-2.js:14:1:14:3 | app |
| seldon-example-2.js:35:1:35:3 | app | seldon-example-2.js:20:1:20:3 | app |
| seldon-example-2.js:35:1:35:3 | app | seldon-example-2.js:52:1:52:3 | app |
| seldon-example-2.js:35:25:35:27 | req | seldon-example-2.js:36:17:36:24 | req.body |
| seldon-example-2.js:35:25:35:27 | req | seldon-example-2.js:38:24:38:55 | path.jo ... y.path) |
| seldon-example-2.js:35:25:35:27 | req | seldon-example-2.js:38:42:38:49 | req.body |
| seldon-example-2.js:35:25:35:27 | req | seldon-example-2.js:38:42:38:54 | req.body.path |
| seldon-example-2.js:35:25:35:27 | req | seldon-example-2.js:40:20:40:57 | require ... edPath) |
| seldon-example-2.js:35:25:35:27 | req | seldon-example-2.js:40:45:40:56 | resolvedPath |
| seldon-example-2.js:35:25:35:27 | req | seldon-example-2.js:43:36:43:43 | req.body |
| seldon-example-2.js:35:25:35:27 | req | seldon-example-2.js:43:36:43:52 | req.body.contents |
| seldon-example-2.js:35:30:35:32 | res | seldon-example-2.js:45:17:45:19 | res |
| seldon-example-2.js:35:30:35:32 | res | seldon-example-2.js:47:17:47:19 | res |
| seldon-example-2.js:38:24:38:27 | path | seldon-example-2.js:9:14:9:28 | require('path') |
| seldon-example-2.js:38:24:38:27 | path | seldon-example-2.js:23:24:23:27 | path |
| seldon-example-2.js:38:24:38:27 | path | seldon-example-2.js:38:24:38:55 | path.jo ... y.path) |
| seldon-example-2.js:38:24:38:55 | path.jo ... y.path) | seldon-example-2.js:40:20:40:57 | require ... edPath) |
| seldon-example-2.js:38:24:38:55 | path.jo ... y.path) | seldon-example-2.js:40:45:40:56 | resolvedPath |
| seldon-example-2.js:38:34:38:39 | appDir | seldon-example-2.js:38:24:38:55 | path.jo ... y.path) |
| seldon-example-2.js:38:42:38:49 | req.body | seldon-example-2.js:38:24:38:55 | path.jo ... y.path) |
| seldon-example-2.js:38:42:38:49 | req.body | seldon-example-2.js:38:42:38:54 | req.body.path |
| seldon-example-2.js:38:42:38:49 | req.body | seldon-example-2.js:40:20:40:57 | require ... edPath) |
| seldon-example-2.js:38:42:38:49 | req.body | seldon-example-2.js:40:45:40:56 | resolvedPath |
| seldon-example-2.js:38:42:38:54 | req.body.path | seldon-example-2.js:38:24:38:55 | path.jo ... y.path) |
| seldon-example-2.js:38:42:38:54 | req.body.path | seldon-example-2.js:40:20:40:57 | require ... edPath) |
| seldon-example-2.js:38:42:38:54 | req.body.path | seldon-example-2.js:40:45:40:56 | resolvedPath |
| seldon-example-2.js:40:20:40:57 | require ... edPath) | seldon-example-2.js:43:22:43:33 | resolvedPath |
| seldon-example-2.js:40:45:40:56 | resolvedPath | seldon-example-2.js:38:24:38:55 | path.jo ... y.path) |
| seldon-example-2.js:40:45:40:56 | resolvedPath | seldon-example-2.js:40:20:40:57 | require ... edPath) |
| seldon-example-2.js:43:9:43:10 | fs | seldon-example-2.js:8:12:8:24 | require('fs') |
| seldon-example-2.js:43:9:43:10 | fs | seldon-example-2.js:25:5:25:6 | fs |
| seldon-example-2.js:43:22:43:33 | resolvedPath | seldon-example-2.js:40:20:40:57 | require ... edPath) |
| seldon-example-2.js:43:36:43:43 | req.body | seldon-example-2.js:43:36:43:52 | req.body.contents |
| seldon-example-2.js:52:1:52:3 | app | seldon-example-2.js:11:13:11:21 | express() |
| seldon-example-2.js:52:1:52:3 | app | seldon-example-2.js:14:1:14:3 | app |
| seldon-example-2.js:52:1:52:3 | app | seldon-example-2.js:20:1:20:3 | app |
| seldon-example-2.js:52:1:52:3 | app | seldon-example-2.js:35:1:35:3 | app |
| seldon-example-3.js:7:17:7:34 | require('express') | seldon-example-3.js:14:9:14:15 | express |
| seldon-example-3.js:8:12:8:24 | require('fs') | seldon-example-3.js:25:5:25:6 | fs |
| seldon-example-3.js:8:12:8:24 | require('fs') | seldon-example-3.js:43:9:43:10 | fs |
| seldon-example-3.js:9:14:9:28 | require('path') | seldon-example-3.js:23:24:23:27 | path |
| seldon-example-3.js:9:14:9:28 | require('path') | seldon-example-3.js:23:24:23:55 | path.jo ... y.path) |
| seldon-example-3.js:9:14:9:28 | require('path') | seldon-example-3.js:25:18:25:29 | resolvedPath |
| seldon-example-3.js:9:14:9:28 | require('path') | seldon-example-3.js:38:24:38:27 | path |
| seldon-example-3.js:9:14:9:28 | require('path') | seldon-example-3.js:38:24:38:55 | path.jo ... y.path) |
| seldon-example-3.js:11:13:11:21 | express() | seldon-example-3.js:14:1:14:3 | app |
| seldon-example-3.js:11:13:11:21 | express() | seldon-example-3.js:20:1:20:3 | app |
| seldon-example-3.js:11:13:11:21 | express() | seldon-example-3.js:35:1:35:3 | app |
| seldon-example-3.js:11:13:11:21 | express() | seldon-example-3.js:56:1:56:3 | app |
| seldon-example-3.js:14:1:14:3 | app | seldon-example-3.js:11:13:11:21 | express() |
| seldon-example-3.js:14:1:14:3 | app | seldon-example-3.js:20:1:20:3 | app |
| seldon-example-3.js:14:1:14:3 | app | seldon-example-3.js:35:1:35:3 | app |
| seldon-example-3.js:14:1:14:3 | app | seldon-example-3.js:56:1:56:3 | app |
| seldon-example-3.js:14:9:14:15 | express | seldon-example-3.js:7:17:7:34 | require('express') |
| seldon-example-3.js:16:16:16:26 | process.env | seldon-example-3.js:16:16:16:35 | process.env.APP_PATH |
| seldon-example-3.js:16:16:16:26 | process.env | seldon-example-3.js:17:13:17:38 | `Using  ... pDir}]` |
| seldon-example-3.js:16:16:16:26 | process.env | seldon-example-3.js:23:24:23:55 | path.jo ... y.path) |
| seldon-example-3.js:16:16:16:26 | process.env | seldon-example-3.js:23:34:23:39 | appDir |
| seldon-example-3.js:16:16:16:26 | process.env | seldon-example-3.js:25:18:25:29 | resolvedPath |
| seldon-example-3.js:16:16:16:26 | process.env | seldon-example-3.js:38:24:38:55 | path.jo ... y.path) |
| seldon-example-3.js:16:16:16:26 | process.env | seldon-example-3.js:38:34:38:39 | appDir |
| seldon-example-3.js:16:16:16:35 | process.env.APP_PATH | seldon-example-3.js:17:13:17:38 | `Using  ... pDir}]` |
| seldon-example-3.js:16:16:16:35 | process.env.APP_PATH | seldon-example-3.js:23:24:23:55 | path.jo ... y.path) |
| seldon-example-3.js:16:16:16:35 | process.env.APP_PATH | seldon-example-3.js:23:34:23:39 | appDir |
| seldon-example-3.js:16:16:16:35 | process.env.APP_PATH | seldon-example-3.js:25:18:25:29 | resolvedPath |
| seldon-example-3.js:16:16:16:35 | process.env.APP_PATH | seldon-example-3.js:38:24:38:55 | path.jo ... y.path) |
| seldon-example-3.js:16:16:16:35 | process.env.APP_PATH | seldon-example-3.js:38:34:38:39 | appDir |
| seldon-example-3.js:20:1:20:3 | app | seldon-example-3.js:11:13:11:21 | express() |
| seldon-example-3.js:20:1:20:3 | app | seldon-example-3.js:14:1:14:3 | app |
| seldon-example-3.js:20:1:20:3 | app | seldon-example-3.js:35:1:35:3 | app |
| seldon-example-3.js:20:1:20:3 | app | seldon-example-3.js:56:1:56:3 | app |
| seldon-example-3.js:20:27:20:29 | req | seldon-example-3.js:21:17:21:24 | req.body |
| seldon-example-3.js:20:27:20:29 | req | seldon-example-3.js:23:24:23:55 | path.jo ... y.path) |
| seldon-example-3.js:20:27:20:29 | req | seldon-example-3.js:23:42:23:49 | req.body |
| seldon-example-3.js:20:27:20:29 | req | seldon-example-3.js:23:42:23:54 | req.body.path |
| seldon-example-3.js:20:27:20:29 | req | seldon-example-3.js:25:18:25:29 | resolvedPath |
| seldon-example-3.js:20:27:20:29 | req | seldon-example-3.js:25:32:25:39 | req.body |
| seldon-example-3.js:20:27:20:29 | req | seldon-example-3.js:25:32:25:48 | req.body.contents |
| seldon-example-3.js:20:32:20:34 | res | seldon-example-3.js:27:13:27:15 | res |
| seldon-example-3.js:20:32:20:34 | res | seldon-example-3.js:29:13:29:15 | res |
| seldon-example-3.js:23:24:23:27 | path | seldon-example-3.js:9:14:9:28 | require('path') |
| seldon-example-3.js:23:24:23:27 | path | seldon-example-3.js:23:24:23:55 | path.jo ... y.path) |
| seldon-example-3.js:23:24:23:27 | path | seldon-example-3.js:38:24:38:27 | path |
| seldon-example-3.js:23:24:23:55 | path.jo ... y.path) | seldon-example-3.js:25:18:25:29 | resolvedPath |
| seldon-example-3.js:23:34:23:39 | appDir | seldon-example-3.js:23:24:23:55 | path.jo ... y.path) |
| seldon-example-3.js:23:42:23:49 | req.body | seldon-example-3.js:23:24:23:55 | path.jo ... y.path) |
| seldon-example-3.js:23:42:23:49 | req.body | seldon-example-3.js:23:42:23:54 | req.body.path |
| seldon-example-3.js:23:42:23:49 | req.body | seldon-example-3.js:25:18:25:29 | resolvedPath |
| seldon-example-3.js:23:42:23:54 | req.body.path | seldon-example-3.js:23:24:23:55 | path.jo ... y.path) |
| seldon-example-3.js:23:42:23:54 | req.body.path | seldon-example-3.js:25:18:25:29 | resolvedPath |
| seldon-example-3.js:25:5:25:6 | fs | seldon-example-3.js:8:12:8:24 | require('fs') |
| seldon-example-3.js:25:5:25:6 | fs | seldon-example-3.js:43:9:43:10 | fs |
| seldon-example-3.js:25:18:25:29 | resolvedPath | seldon-example-3.js:23:24:23:55 | path.jo ... y.path) |
| seldon-example-3.js:25:32:25:39 | req.body | seldon-example-3.js:25:32:25:48 | req.body.contents |
| seldon-example-3.js:35:1:35:3 | app | seldon-example-3.js:11:13:11:21 | express() |
| seldon-example-3.js:35:1:35:3 | app | seldon-example-3.js:14:1:14:3 | app |
| seldon-example-3.js:35:1:35:3 | app | seldon-example-3.js:20:1:20:3 | app |
| seldon-example-3.js:35:1:35:3 | app | seldon-example-3.js:56:1:56:3 | app |
| seldon-example-3.js:35:25:35:27 | req | seldon-example-3.js:36:17:36:24 | req.body |
| seldon-example-3.js:35:25:35:27 | req | seldon-example-3.js:38:24:38:55 | path.jo ... y.path) |
| seldon-example-3.js:35:25:35:27 | req | seldon-example-3.js:38:42:38:49 | req.body |
| seldon-example-3.js:35:25:35:27 | req | seldon-example-3.js:38:42:38:54 | req.body.path |
| seldon-example-3.js:35:25:35:27 | req | seldon-example-3.js:43:36:43:43 | req.body |
| seldon-example-3.js:35:25:35:27 | req | seldon-example-3.js:43:36:43:52 | req.body.contents |
| seldon-example-3.js:35:30:35:32 | res | seldon-example-3.js:45:17:45:19 | res |
| seldon-example-3.js:35:30:35:32 | res | seldon-example-3.js:47:17:47:19 | res |
| seldon-example-3.js:38:24:38:27 | path | seldon-example-3.js:9:14:9:28 | require('path') |
| seldon-example-3.js:38:24:38:27 | path | seldon-example-3.js:23:24:23:27 | path |
| seldon-example-3.js:38:24:38:27 | path | seldon-example-3.js:38:24:38:55 | path.jo ... y.path) |
| seldon-example-3.js:38:24:38:55 | path.jo ... y.path) | seldon-example-3.js:52:23:52:26 | path |
| seldon-example-3.js:38:24:38:55 | path.jo ... y.path) | seldon-example-3.js:53:37:53:40 | path |
| seldon-example-3.js:38:34:38:39 | appDir | seldon-example-3.js:38:24:38:55 | path.jo ... y.path) |
| seldon-example-3.js:38:42:38:49 | req.body | seldon-example-3.js:38:24:38:55 | path.jo ... y.path) |
| seldon-example-3.js:38:42:38:49 | req.body | seldon-example-3.js:38:42:38:54 | req.body.path |
| seldon-example-3.js:38:42:38:54 | req.body.path | seldon-example-3.js:38:24:38:55 | path.jo ... y.path) |
| seldon-example-3.js:40:20:40:45 | sanitiz ... edPath) | seldon-example-3.js:43:22:43:33 | resolvedPath |
| seldon-example-3.js:40:20:40:45 | sanitiz ... edPath) | seldon-example-3.js:53:12:53:41 | require ... )(path) |
| seldon-example-3.js:43:9:43:10 | fs | seldon-example-3.js:8:12:8:24 | require('fs') |
| seldon-example-3.js:43:9:43:10 | fs | seldon-example-3.js:25:5:25:6 | fs |
| seldon-example-3.js:43:22:43:33 | resolvedPath | seldon-example-3.js:40:20:40:45 | sanitiz ... edPath) |
| seldon-example-3.js:43:22:43:33 | resolvedPath | seldon-example-3.js:53:12:53:41 | require ... )(path) |
| seldon-example-3.js:43:36:43:43 | req.body | seldon-example-3.js:43:36:43:52 | req.body.contents |
| seldon-example-3.js:52:23:52:26 | path | seldon-example-3.js:38:24:38:55 | path.jo ... y.path) |
| seldon-example-3.js:52:23:52:26 | path | seldon-example-3.js:53:12:53:41 | require ... )(path) |
| seldon-example-3.js:52:23:52:26 | path | seldon-example-3.js:53:37:53:40 | path |
| seldon-example-3.js:53:12:53:41 | require ... )(path) | seldon-example-3.js:40:20:40:45 | sanitiz ... edPath) |
| seldon-example-3.js:53:12:53:41 | require ... )(path) | seldon-example-3.js:43:22:43:33 | resolvedPath |
| seldon-example-3.js:53:37:53:40 | path | seldon-example-3.js:38:24:38:55 | path.jo ... y.path) |
| seldon-example-3.js:53:37:53:40 | path | seldon-example-3.js:52:23:52:26 | path |
| seldon-example-3.js:53:37:53:40 | path | seldon-example-3.js:53:12:53:41 | require ... )(path) |
| seldon-example-3.js:56:1:56:3 | app | seldon-example-3.js:11:13:11:21 | express() |
| seldon-example-3.js:56:1:56:3 | app | seldon-example-3.js:14:1:14:3 | app |
| seldon-example-3.js:56:1:56:3 | app | seldon-example-3.js:20:1:20:3 | app |
| seldon-example-3.js:56:1:56:3 | app | seldon-example-3.js:35:1:35:3 | app |
| seldon-example-4.js:7:17:7:34 | require('express') | seldon-example-4.js:14:9:14:15 | express |
| seldon-example-4.js:8:12:8:24 | require('fs') | seldon-example-4.js:25:5:25:6 | fs |
| seldon-example-4.js:8:12:8:24 | require('fs') | seldon-example-4.js:43:9:43:10 | fs |
| seldon-example-4.js:9:14:9:28 | require('path') | seldon-example-4.js:23:24:23:27 | path |
| seldon-example-4.js:9:14:9:28 | require('path') | seldon-example-4.js:23:24:23:55 | path.jo ... y.path) |
| seldon-example-4.js:9:14:9:28 | require('path') | seldon-example-4.js:25:18:25:29 | resolvedPath |
| seldon-example-4.js:9:14:9:28 | require('path') | seldon-example-4.js:38:24:38:27 | path |
| seldon-example-4.js:9:14:9:28 | require('path') | seldon-example-4.js:38:24:38:55 | path.jo ... y.path) |
| seldon-example-4.js:11:13:11:21 | express() | seldon-example-4.js:14:1:14:3 | app |
| seldon-example-4.js:11:13:11:21 | express() | seldon-example-4.js:20:1:20:3 | app |
| seldon-example-4.js:11:13:11:21 | express() | seldon-example-4.js:35:1:35:3 | app |
| seldon-example-4.js:11:13:11:21 | express() | seldon-example-4.js:58:1:58:3 | app |
| seldon-example-4.js:14:1:14:3 | app | seldon-example-4.js:11:13:11:21 | express() |
| seldon-example-4.js:14:1:14:3 | app | seldon-example-4.js:20:1:20:3 | app |
| seldon-example-4.js:14:1:14:3 | app | seldon-example-4.js:35:1:35:3 | app |
| seldon-example-4.js:14:1:14:3 | app | seldon-example-4.js:58:1:58:3 | app |
| seldon-example-4.js:14:9:14:15 | express | seldon-example-4.js:7:17:7:34 | require('express') |
| seldon-example-4.js:16:16:16:26 | process.env | seldon-example-4.js:16:16:16:35 | process.env.APP_PATH |
| seldon-example-4.js:16:16:16:26 | process.env | seldon-example-4.js:17:13:17:38 | `Using  ... pDir}]` |
| seldon-example-4.js:16:16:16:26 | process.env | seldon-example-4.js:23:24:23:55 | path.jo ... y.path) |
| seldon-example-4.js:16:16:16:26 | process.env | seldon-example-4.js:23:34:23:39 | appDir |
| seldon-example-4.js:16:16:16:26 | process.env | seldon-example-4.js:25:18:25:29 | resolvedPath |
| seldon-example-4.js:16:16:16:26 | process.env | seldon-example-4.js:38:24:38:55 | path.jo ... y.path) |
| seldon-example-4.js:16:16:16:26 | process.env | seldon-example-4.js:38:34:38:39 | appDir |
| seldon-example-4.js:16:16:16:35 | process.env.APP_PATH | seldon-example-4.js:17:13:17:38 | `Using  ... pDir}]` |
| seldon-example-4.js:16:16:16:35 | process.env.APP_PATH | seldon-example-4.js:23:24:23:55 | path.jo ... y.path) |
| seldon-example-4.js:16:16:16:35 | process.env.APP_PATH | seldon-example-4.js:23:34:23:39 | appDir |
| seldon-example-4.js:16:16:16:35 | process.env.APP_PATH | seldon-example-4.js:25:18:25:29 | resolvedPath |
| seldon-example-4.js:16:16:16:35 | process.env.APP_PATH | seldon-example-4.js:38:24:38:55 | path.jo ... y.path) |
| seldon-example-4.js:16:16:16:35 | process.env.APP_PATH | seldon-example-4.js:38:34:38:39 | appDir |
| seldon-example-4.js:20:1:20:3 | app | seldon-example-4.js:11:13:11:21 | express() |
| seldon-example-4.js:20:1:20:3 | app | seldon-example-4.js:14:1:14:3 | app |
| seldon-example-4.js:20:1:20:3 | app | seldon-example-4.js:35:1:35:3 | app |
| seldon-example-4.js:20:1:20:3 | app | seldon-example-4.js:58:1:58:3 | app |
| seldon-example-4.js:20:27:20:29 | req | seldon-example-4.js:21:17:21:24 | req.body |
| seldon-example-4.js:20:27:20:29 | req | seldon-example-4.js:23:24:23:55 | path.jo ... y.path) |
| seldon-example-4.js:20:27:20:29 | req | seldon-example-4.js:23:42:23:49 | req.body |
| seldon-example-4.js:20:27:20:29 | req | seldon-example-4.js:23:42:23:54 | req.body.path |
| seldon-example-4.js:20:27:20:29 | req | seldon-example-4.js:25:18:25:29 | resolvedPath |
| seldon-example-4.js:20:27:20:29 | req | seldon-example-4.js:25:32:25:39 | req.body |
| seldon-example-4.js:20:27:20:29 | req | seldon-example-4.js:25:32:25:48 | req.body.contents |
| seldon-example-4.js:20:32:20:34 | res | seldon-example-4.js:27:13:27:15 | res |
| seldon-example-4.js:20:32:20:34 | res | seldon-example-4.js:29:13:29:15 | res |
| seldon-example-4.js:23:24:23:27 | path | seldon-example-4.js:9:14:9:28 | require('path') |
| seldon-example-4.js:23:24:23:27 | path | seldon-example-4.js:23:24:23:55 | path.jo ... y.path) |
| seldon-example-4.js:23:24:23:27 | path | seldon-example-4.js:38:24:38:27 | path |
| seldon-example-4.js:23:24:23:55 | path.jo ... y.path) | seldon-example-4.js:25:18:25:29 | resolvedPath |
| seldon-example-4.js:23:34:23:39 | appDir | seldon-example-4.js:23:24:23:55 | path.jo ... y.path) |
| seldon-example-4.js:23:42:23:49 | req.body | seldon-example-4.js:23:24:23:55 | path.jo ... y.path) |
| seldon-example-4.js:23:42:23:49 | req.body | seldon-example-4.js:23:42:23:54 | req.body.path |
| seldon-example-4.js:23:42:23:49 | req.body | seldon-example-4.js:25:18:25:29 | resolvedPath |
| seldon-example-4.js:23:42:23:54 | req.body.path | seldon-example-4.js:23:24:23:55 | path.jo ... y.path) |
| seldon-example-4.js:23:42:23:54 | req.body.path | seldon-example-4.js:25:18:25:29 | resolvedPath |
| seldon-example-4.js:25:5:25:6 | fs | seldon-example-4.js:8:12:8:24 | require('fs') |
| seldon-example-4.js:25:5:25:6 | fs | seldon-example-4.js:43:9:43:10 | fs |
| seldon-example-4.js:25:18:25:29 | resolvedPath | seldon-example-4.js:23:24:23:55 | path.jo ... y.path) |
| seldon-example-4.js:25:32:25:39 | req.body | seldon-example-4.js:25:32:25:48 | req.body.contents |
| seldon-example-4.js:35:1:35:3 | app | seldon-example-4.js:11:13:11:21 | express() |
| seldon-example-4.js:35:1:35:3 | app | seldon-example-4.js:14:1:14:3 | app |
| seldon-example-4.js:35:1:35:3 | app | seldon-example-4.js:20:1:20:3 | app |
| seldon-example-4.js:35:1:35:3 | app | seldon-example-4.js:58:1:58:3 | app |
| seldon-example-4.js:35:25:35:27 | req | seldon-example-4.js:36:17:36:24 | req.body |
| seldon-example-4.js:35:25:35:27 | req | seldon-example-4.js:38:24:38:55 | path.jo ... y.path) |
| seldon-example-4.js:35:25:35:27 | req | seldon-example-4.js:38:42:38:49 | req.body |
| seldon-example-4.js:35:25:35:27 | req | seldon-example-4.js:38:42:38:54 | req.body.path |
| seldon-example-4.js:35:25:35:27 | req | seldon-example-4.js:43:36:43:43 | req.body |
| seldon-example-4.js:35:25:35:27 | req | seldon-example-4.js:43:36:43:52 | req.body.contents |
| seldon-example-4.js:35:30:35:32 | res | seldon-example-4.js:45:17:45:19 | res |
| seldon-example-4.js:35:30:35:32 | res | seldon-example-4.js:47:17:47:19 | res |
| seldon-example-4.js:38:24:38:27 | path | seldon-example-4.js:9:14:9:28 | require('path') |
| seldon-example-4.js:38:24:38:27 | path | seldon-example-4.js:23:24:23:27 | path |
| seldon-example-4.js:38:24:38:27 | path | seldon-example-4.js:38:24:38:55 | path.jo ... y.path) |
| seldon-example-4.js:38:24:38:55 | path.jo ... y.path) | seldon-example-4.js:40:20:40:45 | sanitiz ... edPath) |
| seldon-example-4.js:38:24:38:55 | path.jo ... y.path) | seldon-example-4.js:43:22:43:33 | resolvedPath |
| seldon-example-4.js:38:24:38:55 | path.jo ... y.path) | seldon-example-4.js:52:23:52:26 | path |
| seldon-example-4.js:38:24:38:55 | path.jo ... y.path) | seldon-example-4.js:53:53:53:56 | path |
| seldon-example-4.js:38:34:38:39 | appDir | seldon-example-4.js:38:24:38:55 | path.jo ... y.path) |
| seldon-example-4.js:38:42:38:49 | req.body | seldon-example-4.js:38:24:38:55 | path.jo ... y.path) |
| seldon-example-4.js:38:42:38:49 | req.body | seldon-example-4.js:38:42:38:54 | req.body.path |
| seldon-example-4.js:38:42:38:54 | req.body.path | seldon-example-4.js:38:24:38:55 | path.jo ... y.path) |
| seldon-example-4.js:40:20:40:45 | sanitiz ... edPath) | seldon-example-4.js:38:24:38:55 | path.jo ... y.path) |
| seldon-example-4.js:40:20:40:45 | sanitiz ... edPath) | seldon-example-4.js:43:22:43:33 | resolvedPath |
| seldon-example-4.js:40:20:40:45 | sanitiz ... edPath) | seldon-example-4.js:52:23:52:26 | path |
| seldon-example-4.js:40:20:40:45 | sanitiz ... edPath) | seldon-example-4.js:53:53:53:56 | path |
| seldon-example-4.js:43:9:43:10 | fs | seldon-example-4.js:8:12:8:24 | require('fs') |
| seldon-example-4.js:43:9:43:10 | fs | seldon-example-4.js:25:5:25:6 | fs |
| seldon-example-4.js:43:22:43:33 | resolvedPath | seldon-example-4.js:38:24:38:55 | path.jo ... y.path) |
| seldon-example-4.js:43:22:43:33 | resolvedPath | seldon-example-4.js:40:20:40:45 | sanitiz ... edPath) |
| seldon-example-4.js:43:22:43:33 | resolvedPath | seldon-example-4.js:52:23:52:26 | path |
| seldon-example-4.js:43:22:43:33 | resolvedPath | seldon-example-4.js:53:53:53:56 | path |
| seldon-example-4.js:43:36:43:43 | req.body | seldon-example-4.js:43:36:43:52 | req.body.contents |
| seldon-example-4.js:52:23:52:26 | path | seldon-example-4.js:38:24:38:55 | path.jo ... y.path) |
| seldon-example-4.js:52:23:52:26 | path | seldon-example-4.js:40:20:40:45 | sanitiz ... edPath) |
| seldon-example-4.js:52:23:52:26 | path | seldon-example-4.js:43:22:43:33 | resolvedPath |
| seldon-example-4.js:52:23:52:26 | path | seldon-example-4.js:53:9:53:46 | new Reg ... .sep}`) |
| seldon-example-4.js:52:23:52:26 | path | seldon-example-4.js:53:20:53:45 | `${path ... h.sep}` |
| seldon-example-4.js:52:23:52:26 | path | seldon-example-4.js:53:23:53:30 | path.sep |
| seldon-example-4.js:52:23:52:26 | path | seldon-example-4.js:53:36:53:43 | path.sep |
| seldon-example-4.js:52:23:52:26 | path | seldon-example-4.js:53:53:53:56 | path |
| seldon-example-4.js:53:23:53:30 | path.sep | seldon-example-4.js:53:9:53:46 | new Reg ... .sep}`) |
| seldon-example-4.js:53:23:53:30 | path.sep | seldon-example-4.js:53:20:53:45 | `${path ... h.sep}` |
| seldon-example-4.js:53:36:53:43 | path.sep | seldon-example-4.js:53:9:53:46 | new Reg ... .sep}`) |
| seldon-example-4.js:53:36:53:43 | path.sep | seldon-example-4.js:53:20:53:45 | `${path ... h.sep}` |
| seldon-example-4.js:53:53:53:56 | path | seldon-example-4.js:38:24:38:55 | path.jo ... y.path) |
| seldon-example-4.js:53:53:53:56 | path | seldon-example-4.js:40:20:40:45 | sanitiz ... edPath) |
| seldon-example-4.js:53:53:53:56 | path | seldon-example-4.js:43:22:43:33 | resolvedPath |
| seldon-example-4.js:53:53:53:56 | path | seldon-example-4.js:52:23:52:26 | path |
| seldon-example-4.js:58:1:58:3 | app | seldon-example-4.js:11:13:11:21 | express() |
| seldon-example-4.js:58:1:58:3 | app | seldon-example-4.js:14:1:14:3 | app |
| seldon-example-4.js:58:1:58:3 | app | seldon-example-4.js:20:1:20:3 | app |
| seldon-example-4.js:58:1:58:3 | app | seldon-example-4.js:35:1:35:3 | app |
