nodes
| tst.js:2:3:2:51 | s |
| tst.js:2:7:2:30 | s.repla ... "\\\\\\\\") |
| tst.js:2:7:2:30 | s.repla ... "\\\\\\\\") |
| tst.js:2:7:2:51 | s.repla ...  '\\\\"') |
| tst.js:3:29:3:29 | s |
| tst.js:3:29:3:29 | s |
edges
| tst.js:2:3:2:51 | s | tst.js:3:29:3:29 | s |
| tst.js:2:3:2:51 | s | tst.js:3:29:3:29 | s |
| tst.js:2:7:2:30 | s.repla ... "\\\\\\\\") | tst.js:2:7:2:51 | s.repla ...  '\\\\"') |
| tst.js:2:7:2:30 | s.repla ... "\\\\\\\\") | tst.js:2:7:2:51 | s.repla ...  '\\\\"') |
| tst.js:2:7:2:51 | s.repla ...  '\\\\"') | tst.js:2:3:2:51 | s |
#select
| tst.js:3:10:3:30 | decodeU ... nent(s) | tst.js:2:7:2:30 | s.repla ... "\\\\\\\\") | tst.js:3:29:3:29 | s | This replacement nullifies escaping of '\\' $@.. | tst.js:2:7:2:51 | s.repla ...  '\\\\"') | here |
